/* This is just a regular string */
"a_regular_string" = "Regular string";
/*@ translatable = false */
/* This should be never translated */
"b_non_translatable_string" = "Don't translate this";
"c_multi_line_string" = "This\nis\nmultiline\nstring";
"d_quoted_string" = ""Quoted" string";
"e_ampersand" = "&&&";
