<?xml version='1.1' encoding='UTF-8' ?>
<resources>
    <string name="a_regular_string" comment="This is just a regular string">Chuỗi thường</string>
    <string name="e_ampersand">\u0026\u0026\u0026\u0026\u0026</string>
</resources>