{"a_regular_string":{"_c":"This is just a regular string","value":"Regular na hilo'"},"e_ampersand":{"value":"&"}}