{"a_regular_string":{"_c":"This is just a regular string","value":"Regular string"},"b_non_translatable_string":{"_c":"This should be never translated","_p":{"translatable":"false"},"value":"Don't translate this"},"c_multi_line_string":{"value":"This\nis\nmultiline\nstring"},"d_quoted_string":{"value":"\"Quoted\" string"},"e_ampersand":{"value":"&&&"}}