/* This is just a regular string */
"a_regular_string" = "Chuỗi thường";
"e_ampersand" = "&&&&&";
