/* This is just a regular string */
"a_regular_string" = "Pravidelný řetězec";
